::ffff:127.0.0.1 - - [20/Apr/2023:01:52:14 +0000] "GET /api/admin/users-salary?month=2023-04 HTTP/1.1" 304 - "http://localhost:3000/" "Mozilla/5.0 (X11; Linux x86_64) AppleWebKit/537.36 (KHTML, like Gecko) Chrome/100.0.4896.88 Safari/537.36"
::ffff:127.0.0.1 - - [20/Apr/2023:01:52:34 +0000] "GET /api/admin/users-salary?month=2023-04 HTTP/1.1" 304 - "http://localhost:3000/" "Mozilla/5.0 (X11; Linux x86_64) AppleWebKit/537.36 (KHTML, like Gecko) Chrome/100.0.4896.88 Safari/537.36"
::ffff:127.0.0.1 - - [20/Apr/2023:01:52:58 +0000] "GET /api/admin/users-salary?month=2023-04 HTTP/1.1" 304 - "http://localhost:3000/" "Mozilla/5.0 (X11; Linux x86_64) AppleWebKit/537.36 (KHTML, like Gecko) Chrome/100.0.4896.88 Safari/537.36"
::ffff:127.0.0.1 - - [20/Apr/2023:01:53:02 +0000] "GET /api/admin/users-salary?month=2023-04 HTTP/1.1" 304 - "http://localhost:3000/" "Mozilla/5.0 (X11; Linux x86_64) AppleWebKit/537.36 (KHTML, like Gecko) Chrome/100.0.4896.88 Safari/537.36"
::1 - - [20/Apr/2023:01:53:20 +0000] "POST /api/user/attendance HTTP/1.1" 200 234 "-" "PostmanRuntime/7.29.2"
::1 - - [20/Apr/2023:01:53:25 +0000] "POST /api/auth/login HTTP/1.1" 200 699 "-" "PostmanRuntime/7.29.2"
::1 - - [20/Apr/2023:01:53:37 +0000] "POST /api/user/attendance HTTP/1.1" 200 234 "-" "PostmanRuntime/7.29.2"
::ffff:127.0.0.1 - - [20/Apr/2023:01:53:41 +0000] "GET /api/admin/users-salary?month=2023-04 HTTP/1.1" 200 2491 "http://localhost:3000/" "Mozilla/5.0 (X11; Linux x86_64) AppleWebKit/537.36 (KHTML, like Gecko) Chrome/100.0.4896.88 Safari/537.36"
::ffff:127.0.0.1 - - [20/Apr/2023:01:55:19 +0000] "GET /api/admin/users-salary?month=2023-04 HTTP/1.1" 304 - "http://localhost:3000/" "Mozilla/5.0 (X11; Linux x86_64) AppleWebKit/537.36 (KHTML, like Gecko) Chrome/100.0.4896.88 Safari/537.36"
::1 - - [20/Apr/2023:01:55:44 +0000] "POST /api/user/attendance HTTP/1.1" 200 234 "-" "PostmanRuntime/7.29.2"
::1 - - [20/Apr/2023:01:55:50 +0000] "POST /api/auth/login HTTP/1.1" 200 683 "-" "PostmanRuntime/7.29.2"
::1 - - [20/Apr/2023:01:56:01 +0000] "POST /api/user/attendance HTTP/1.1" 200 234 "-" "PostmanRuntime/7.29.2"
::ffff:127.0.0.1 - - [20/Apr/2023:01:56:19 +0000] "GET /api/admin/users-salary?month=2023-04 HTTP/1.1" 304 - "http://localhost:3000/" "Mozilla/5.0 (X11; Linux x86_64) AppleWebKit/537.36 (KHTML, like Gecko) Chrome/100.0.4896.88 Safari/537.36"
::ffff:127.0.0.1 - - [20/Apr/2023:01:56:50 +0000] "GET /api/admin/users-salary?month=2023-04 HTTP/1.1" 304 - "http://localhost:3000/" "Mozilla/5.0 (X11; Linux x86_64) AppleWebKit/537.36 (KHTML, like Gecko) Chrome/100.0.4896.88 Safari/537.36"
::ffff:127.0.0.1 - - [20/Apr/2023:01:57:40 +0000] "GET /api/admin/users-salary?month=2023-04 HTTP/1.1" 304 - "http://localhost:3000/" "Mozilla/5.0 (X11; Linux x86_64) AppleWebKit/537.36 (KHTML, like Gecko) Chrome/100.0.4896.88 Safari/537.36"
::ffff:127.0.0.1 - - [20/Apr/2023:01:58:28 +0000] "GET /api/admin/users-salary?month=2023-04 HTTP/1.1" 304 - "http://localhost:3000/" "Mozilla/5.0 (X11; Linux x86_64) AppleWebKit/537.36 (KHTML, like Gecko) Chrome/100.0.4896.88 Safari/537.36"
::ffff:127.0.0.1 - - [20/Apr/2023:01:58:49 +0000] "GET /api/admin/users-salary?month=2023-04 HTTP/1.1" 304 - "http://localhost:3000/" "Mozilla/5.0 (X11; Linux x86_64) AppleWebKit/537.36 (KHTML, like Gecko) Chrome/100.0.4896.88 Safari/537.36"
::ffff:127.0.0.1 - - [20/Apr/2023:01:59:16 +0000] "GET /api/admin/users-salary?month=2023-04 HTTP/1.1" 304 - "http://localhost:3000/" "Mozilla/5.0 (X11; Linux x86_64) AppleWebKit/537.36 (KHTML, like Gecko) Chrome/100.0.4896.88 Safari/537.36"
::ffff:127.0.0.1 - - [20/Apr/2023:01:59:18 +0000] "GET /api/admin/users-salary?month=2023-04 HTTP/1.1" 304 - "http://localhost:3000/" "Mozilla/5.0 (X11; Linux x86_64) AppleWebKit/537.36 (KHTML, like Gecko) Chrome/100.0.4896.88 Safari/537.36"
::ffff:127.0.0.1 - - [20/Apr/2023:01:59:35 +0000] "GET /api/admin/users-salary?month=2023-04 HTTP/1.1" 304 - "http://localhost:3000/" "Mozilla/5.0 (X11; Linux x86_64) AppleWebKit/537.36 (KHTML, like Gecko) Chrome/100.0.4896.88 Safari/537.36"
::ffff:127.0.0.1 - - [20/Apr/2023:02:01:03 +0000] "GET /api/admin/users-salary?month=2023-04 HTTP/1.1" 304 - "http://localhost:3000/" "Mozilla/5.0 (X11; Linux x86_64) AppleWebKit/537.36 (KHTML, like Gecko) Chrome/100.0.4896.88 Safari/537.36"
::ffff:127.0.0.1 - - [20/Apr/2023:02:01:12 +0000] "GET /api/admin/users-salary?month=2023-04 HTTP/1.1" 304 - "http://localhost:3000/" "Mozilla/5.0 (X11; Linux x86_64) AppleWebKit/537.36 (KHTML, like Gecko) Chrome/100.0.4896.88 Safari/537.36"
::ffff:127.0.0.1 - - [20/Apr/2023:02:01:41 +0000] "GET /api/admin/users-salary?month=2023-04 HTTP/1.1" 304 - "http://localhost:3000/" "Mozilla/5.0 (X11; Linux x86_64) AppleWebKit/537.36 (KHTML, like Gecko) Chrome/100.0.4896.88 Safari/537.36"
::ffff:127.0.0.1 - - [20/Apr/2023:02:12:00 +0000] "GET /api/admin/users-salary?month=2023-04 HTTP/1.1" 304 - "http://localhost:3000/" "Mozilla/5.0 (X11; Linux x86_64) AppleWebKit/537.36 (KHTML, like Gecko) Chrome/100.0.4896.88 Safari/537.36"
::ffff:127.0.0.1 - - [20/Apr/2023:02:20:24 +0000] "GET /api/admin/users-salary?month=2023-04 HTTP/1.1" 304 - "http://localhost:3000/" "Mozilla/5.0 (X11; Linux x86_64) AppleWebKit/537.36 (KHTML, like Gecko) Chrome/100.0.4896.88 Safari/537.36"
::1 - - [20/Apr/2023:02:21:04 +0000] "GET /api/admin/user-attendance/642bec7ffbc8855ce675d066?date=2023-04-14 HTTP/1.1" 200 3916 "-" "PostmanRuntime/7.29.2"
::ffff:127.0.0.1 - - [20/Apr/2023:02:21:46 +0000] "GET /api/admin/users-salary?month=2023-04 HTTP/1.1" 304 - "http://localhost:3000/" "Mozilla/5.0 (X11; Linux x86_64) AppleWebKit/537.36 (KHTML, like Gecko) Chrome/100.0.4896.88 Safari/537.36"
::ffff:127.0.0.1 - - [20/Apr/2023:02:21:59 +0000] "GET /api/admin/users-salary?month=2023-04 HTTP/1.1" 304 - "http://localhost:3000/" "Mozilla/5.0 (X11; Linux x86_64) AppleWebKit/537.36 (KHTML, like Gecko) Chrome/100.0.4896.88 Safari/537.36"
::ffff:127.0.0.1 - - [20/Apr/2023:02:22:22 +0000] "GET /api/admin/users-salary?month=2023-04 HTTP/1.1" 304 - "http://localhost:3000/" "Mozilla/5.0 (X11; Linux x86_64) AppleWebKit/537.36 (KHTML, like Gecko) Chrome/100.0.4896.88 Safari/537.36"
::ffff:127.0.0.1 - - [20/Apr/2023:02:22:51 +0000] "GET /api/admin/users-salary?month=2023-04 HTTP/1.1" 304 - "http://localhost:3000/" "Mozilla/5.0 (X11; Linux x86_64) AppleWebKit/537.36 (KHTML, like Gecko) Chrome/100.0.4896.88 Safari/537.36"
::ffff:127.0.0.1 - - [20/Apr/2023:02:23:21 +0000] "GET /api/admin/users-salary?month=2023-04 HTTP/1.1" 304 - "http://localhost:3000/" "Mozilla/5.0 (X11; Linux x86_64) AppleWebKit/537.36 (KHTML, like Gecko) Chrome/100.0.4896.88 Safari/537.36"
::ffff:127.0.0.1 - - [20/Apr/2023:02:24:22 +0000] "GET /api/admin/users-salary?month=2023-04 HTTP/1.1" 304 - "http://localhost:3000/" "Mozilla/5.0 (X11; Linux x86_64) AppleWebKit/537.36 (KHTML, like Gecko) Chrome/100.0.4896.88 Safari/537.36"
::ffff:127.0.0.1 - - [20/Apr/2023:02:24:50 +0000] "GET /api/admin/users-salary?month=2023-04 HTTP/1.1" 304 - "http://localhost:3000/" "Mozilla/5.0 (X11; Linux x86_64) AppleWebKit/537.36 (KHTML, like Gecko) Chrome/100.0.4896.88 Safari/537.36"
::ffff:127.0.0.1 - - [20/Apr/2023:02:24:54 +0000] "GET /api/admin/users-salary?month=2023-04 HTTP/1.1" 304 - "http://localhost:3000/" "Mozilla/5.0 (X11; Linux x86_64) AppleWebKit/537.36 (KHTML, like Gecko) Chrome/100.0.4896.88 Safari/537.36"
::ffff:127.0.0.1 - - [20/Apr/2023:02:24:57 +0000] "GET /api/admin/users-salary?month=2023-04 HTTP/1.1" 304 - "http://localhost:3000/" "Mozilla/5.0 (X11; Linux x86_64) AppleWebKit/537.36 (KHTML, like Gecko) Chrome/100.0.4896.88 Safari/537.36"
::ffff:127.0.0.1 - - [20/Apr/2023:02:25:01 +0000] "GET /api/admin/users-salary?month=2023-04 HTTP/1.1" 304 - "http://localhost:3000/" "Mozilla/5.0 (X11; Linux x86_64) AppleWebKit/537.36 (KHTML, like Gecko) Chrome/100.0.4896.88 Safari/537.36"
::ffff:127.0.0.1 - - [20/Apr/2023:02:26:14 +0000] "GET /api/admin/users-salary?month=2023-04 HTTP/1.1" 304 - "http://localhost:3000/" "Mozilla/5.0 (X11; Linux x86_64) AppleWebKit/537.36 (KHTML, like Gecko) Chrome/100.0.4896.88 Safari/537.36"
::ffff:127.0.0.1 - - [20/Apr/2023:02:29:07 +0000] "GET /api/admin/users-salary?month=2023-04 HTTP/1.1" 304 - "http://localhost:3000/" "Mozilla/5.0 (X11; Linux x86_64) AppleWebKit/537.36 (KHTML, like Gecko) Chrome/100.0.4896.88 Safari/537.36"
::ffff:127.0.0.1 - - [20/Apr/2023:03:27:09 +0000] "GET /api/admin/users-salary?month=2023-04 HTTP/1.1" 304 - "http://localhost:3000/" "Mozilla/5.0 (X11; Linux x86_64) AppleWebKit/537.36 (KHTML, like Gecko) Chrome/100.0.4896.88 Safari/537.36"
::ffff:127.0.0.1 - - [20/Apr/2023:03:37:34 +0000] "GET /api/admin/users-salary?month=2023-04 HTTP/1.1" 304 - "http://localhost:3000/" "Mozilla/5.0 (X11; Linux x86_64) AppleWebKit/537.36 (KHTML, like Gecko) Chrome/100.0.4896.88 Safari/537.36"
::ffff:127.0.0.1 - - [20/Apr/2023:03:38:00 +0000] "GET /api/admin/users-salary?month=2023-04 HTTP/1.1" 304 - "http://localhost:3000/" "Mozilla/5.0 (X11; Linux x86_64) AppleWebKit/537.36 (KHTML, like Gecko) Chrome/100.0.4896.88 Safari/537.36"
::ffff:127.0.0.1 - - [20/Apr/2023:03:38:50 +0000] "GET /api/admin/users-salary?month=2023-04 HTTP/1.1" 304 - "http://localhost:3000/" "Mozilla/5.0 (X11; Linux x86_64) AppleWebKit/537.36 (KHTML, like Gecko) Chrome/100.0.4896.88 Safari/537.36"
::ffff:127.0.0.1 - - [20/Apr/2023:03:39:03 +0000] "GET /api/admin/users-salary?month=2023-04 HTTP/1.1" 304 - "http://localhost:3000/" "Mozilla/5.0 (X11; Linux x86_64) AppleWebKit/537.36 (KHTML, like Gecko) Chrome/100.0.4896.88 Safari/537.36"
::ffff:127.0.0.1 - - [20/Apr/2023:03:39:13 +0000] "GET /api/admin/user-attendance/642d1e4eb3e751f44dafc49f?date=2023-04-14 HTTP/1.1" 200 972 "http://localhost:3000/" "Mozilla/5.0 (X11; Linux x86_64) AppleWebKit/537.36 (KHTML, like Gecko) Chrome/100.0.4896.88 Safari/537.36"
::ffff:127.0.0.1 - - [20/Apr/2023:03:40:56 +0000] "GET /api/admin/users-salary?month=2023-04 HTTP/1.1" 304 - "http://localhost:3000/" "Mozilla/5.0 (X11; Linux x86_64) AppleWebKit/537.36 (KHTML, like Gecko) Chrome/100.0.4896.88 Safari/537.36"
::ffff:127.0.0.1 - - [20/Apr/2023:03:41:02 +0000] "GET /api/admin/users-salary?month=2023-04 HTTP/1.1" 304 - "http://localhost:3000/" "Mozilla/5.0 (X11; Linux x86_64) AppleWebKit/537.36 (KHTML, like Gecko) Chrome/100.0.4896.88 Safari/537.36"
::ffff:127.0.0.1 - - [20/Apr/2023:03:41:08 +0000] "GET /api/admin/user-attendance/642bec7ffbc8855ce675d066?date=2023-04-14 HTTP/1.1" 200 3916 "http://localhost:3000/" "Mozilla/5.0 (X11; Linux x86_64) AppleWebKit/537.36 (KHTML, like Gecko) Chrome/100.0.4896.88 Safari/537.36"
::ffff:127.0.0.1 - - [20/Apr/2023:03:41:24 +0000] "GET /api/admin/users-salary?month=2023-04 HTTP/1.1" 304 - "http://localhost:3000/" "Mozilla/5.0 (X11; Linux x86_64) AppleWebKit/537.36 (KHTML, like Gecko) Chrome/100.0.4896.88 Safari/537.36"
::ffff:127.0.0.1 - - [20/Apr/2023:03:41:32 +0000] "GET /api/admin/users-salary?month=2023-04 HTTP/1.1" 304 - "http://localhost:3000/" "Mozilla/5.0 (X11; Linux x86_64) AppleWebKit/537.36 (KHTML, like Gecko) Chrome/100.0.4896.88 Safari/537.36"
::ffff:127.0.0.1 - - [20/Apr/2023:03:41:35 +0000] "GET /api/admin/users-salary?month=2023-04 HTTP/1.1" 304 - "http://localhost:3000/" "Mozilla/5.0 (X11; Linux x86_64) AppleWebKit/537.36 (KHTML, like Gecko) Chrome/100.0.4896.88 Safari/537.36"
::ffff:127.0.0.1 - - [20/Apr/2023:03:41:39 +0000] "GET /api/admin/users-salary?month=2023-04 HTTP/1.1" 304 - "http://localhost:3000/" "Mozilla/5.0 (X11; Linux x86_64) AppleWebKit/537.36 (KHTML, like Gecko) Chrome/100.0.4896.88 Safari/537.36"
::ffff:127.0.0.1 - - [20/Apr/2023:03:51:11 +0000] "GET /api/admin/users-salary?month=2023-04 HTTP/1.1" 304 - "http://localhost:3000/" "Mozilla/5.0 (X11; Linux x86_64) AppleWebKit/537.36 (KHTML, like Gecko) Chrome/100.0.4896.88 Safari/537.36"
::ffff:127.0.0.1 - - [20/Apr/2023:03:51:14 +0000] "GET /api/admin/user-attendance/642bec7ffbc8855ce675d066?date=2023-04-14 HTTP/1.1" 304 - "http://localhost:3000/" "Mozilla/5.0 (X11; Linux x86_64) AppleWebKit/537.36 (KHTML, like Gecko) Chrome/100.0.4896.88 Safari/537.36"
::ffff:127.0.0.1 - - [20/Apr/2023:03:52:56 +0000] "GET /api/admin/users-salary?month=2023-04 HTTP/1.1" 304 - "http://localhost:3000/" "Mozilla/5.0 (X11; Linux x86_64) AppleWebKit/537.36 (KHTML, like Gecko) Chrome/100.0.4896.88 Safari/537.36"
::ffff:127.0.0.1 - - [20/Apr/2023:03:53:12 +0000] "GET /api/admin/users-salary?month=2023-04 HTTP/1.1" 304 - "http://localhost:3000/" "Mozilla/5.0 (X11; Linux x86_64) AppleWebKit/537.36 (KHTML, like Gecko) Chrome/100.0.4896.88 Safari/537.36"
::ffff:127.0.0.1 - - [20/Apr/2023:03:53:53 +0000] "GET /api/admin/user-attendance/642bec7ffbc8855ce675d066?date=2023-04-20 HTTP/1.1" 200 604 "http://localhost:3000/" "Mozilla/5.0 (X11; Linux x86_64) AppleWebKit/537.36 (KHTML, like Gecko) Chrome/100.0.4896.88 Safari/537.36"
::ffff:127.0.0.1 - - [20/Apr/2023:03:53:59 +0000] "GET /api/admin/user-attendance/642bec7ffbc8855ce675d066?date=2023-04-14 HTTP/1.1" 304 - "http://localhost:3000/" "Mozilla/5.0 (X11; Linux x86_64) AppleWebKit/537.36 (KHTML, like Gecko) Chrome/100.0.4896.88 Safari/537.36"
::1 - - [20/Apr/2023:03:54:10 +0000] "POST /api/user/attendance HTTP/1.1" 200 234 "-" "PostmanRuntime/7.29.2"
::1 - - [20/Apr/2023:03:54:15 +0000] "POST /api/auth/login HTTP/1.1" 200 699 "-" "PostmanRuntime/7.29.2"
::1 - - [20/Apr/2023:03:54:23 +0000] "POST /api/user/attendance HTTP/1.1" 200 234 "-" "PostmanRuntime/7.29.2"
::ffff:127.0.0.1 - - [20/Apr/2023:03:55:46 +0000] "GET /api/admin/user-attendance/642bec7ffbc8855ce675d066?date=2023-04-14 HTTP/1.1" 304 - "http://localhost:3000/" "Mozilla/5.0 (X11; Linux x86_64) AppleWebKit/537.36 (KHTML, like Gecko) Chrome/100.0.4896.88 Safari/537.36"
::ffff:127.0.0.1 - - [20/Apr/2023:03:55:58 +0000] "GET /api/admin/user-attendance/642bec7ffbc8855ce675d066?date=2023-04-20 HTTP/1.1" 200 788 "http://localhost:3000/" "Mozilla/5.0 (X11; Linux x86_64) AppleWebKit/537.36 (KHTML, like Gecko) Chrome/100.0.4896.88 Safari/537.36"
::ffff:127.0.0.1 - - [20/Apr/2023:03:56:04 +0000] "GET /api/admin/users-salary?month=2023-04 HTTP/1.1" 200 2491 "http://localhost:3000/" "Mozilla/5.0 (X11; Linux x86_64) AppleWebKit/537.36 (KHTML, like Gecko) Chrome/100.0.4896.88 Safari/537.36"
::ffff:127.0.0.1 - - [20/Apr/2023:03:56:10 +0000] "GET /api/admin/user-attendance/642bec7ffbc8855ce675d066?date=2023-04-20 HTTP/1.1" 304 - "http://localhost:3000/" "Mozilla/5.0 (X11; Linux x86_64) AppleWebKit/537.36 (KHTML, like Gecko) Chrome/100.0.4896.88 Safari/537.36"
::ffff:127.0.0.1 - - [20/Apr/2023:03:56:22 +0000] "GET /api/admin/user-attendance/642bec7ffbc8855ce675d066?date=2023-04-20 HTTP/1.1" 304 - "http://localhost:3000/" "Mozilla/5.0 (X11; Linux x86_64) AppleWebKit/537.36 (KHTML, like Gecko) Chrome/100.0.4896.88 Safari/537.36"
::ffff:127.0.0.1 - - [20/Apr/2023:03:56:25 +0000] "GET /api/admin/user-attendance/642bec7ffbc8855ce675d066?date=2023-04-14 HTTP/1.1" 304 - "http://localhost:3000/" "Mozilla/5.0 (X11; Linux x86_64) AppleWebKit/537.36 (KHTML, like Gecko) Chrome/100.0.4896.88 Safari/537.36"
::ffff:127.0.0.1 - - [20/Apr/2023:03:56:39 +0000] "GET /api/admin/user-attendance/642bec7ffbc8855ce675d066?date=2023-04-20 HTTP/1.1" 304 - "http://localhost:3000/" "Mozilla/5.0 (X11; Linux x86_64) AppleWebKit/537.36 (KHTML, like Gecko) Chrome/100.0.4896.88 Safari/537.36"
::ffff:127.0.0.1 - - [20/Apr/2023:03:57:14 +0000] "GET /api/admin/user-attendance/642d1e4eb3e751f44dafc49f?date=2023-04-20 HTTP/1.1" 200 788 "http://localhost:3000/" "Mozilla/5.0 (X11; Linux x86_64) AppleWebKit/537.36 (KHTML, like Gecko) Chrome/100.0.4896.88 Safari/537.36"
::ffff:127.0.0.1 - - [20/Apr/2023:03:57:34 +0000] "GET /api/admin/user-attendance/642d1e4eb3e751f44dafc49f?date=2023-04-14 HTTP/1.1" 304 - "http://localhost:3000/" "Mozilla/5.0 (X11; Linux x86_64) AppleWebKit/537.36 (KHTML, like Gecko) Chrome/100.0.4896.88 Safari/537.36"
::ffff:127.0.0.1 - - [20/Apr/2023:04:00:37 +0000] "GET /api/admin/users-salary?month=2023-04 HTTP/1.1" 304 - "http://localhost:3000/" "Mozilla/5.0 (X11; Linux x86_64) AppleWebKit/537.36 (KHTML, like Gecko) Chrome/100.0.4896.88 Safari/537.36"
::ffff:127.0.0.1 - - [20/Apr/2023:04:00:40 +0000] "GET /api/admin/user-attendance/642bec7ffbc8855ce675d066?date=2023-04-14 HTTP/1.1" 304 - "http://localhost:3000/" "Mozilla/5.0 (X11; Linux x86_64) AppleWebKit/537.36 (KHTML, like Gecko) Chrome/100.0.4896.88 Safari/537.36"
::ffff:127.0.0.1 - - [20/Apr/2023:04:00:45 +0000] "GET /api/admin/user-attendance/642bec7ffbc8855ce675d066?date=2023-04-20 HTTP/1.1" 304 - "http://localhost:3000/" "Mozilla/5.0 (X11; Linux x86_64) AppleWebKit/537.36 (KHTML, like Gecko) Chrome/100.0.4896.88 Safari/537.36"
::ffff:127.0.0.1 - - [20/Apr/2023:04:00:50 +0000] "GET /api/admin/user-attendance/642bec7ffbc8855ce675d066?date=2023-04-14 HTTP/1.1" 304 - "http://localhost:3000/" "Mozilla/5.0 (X11; Linux x86_64) AppleWebKit/537.36 (KHTML, like Gecko) Chrome/100.0.4896.88 Safari/537.36"
::1 - - [20/Apr/2023:04:01:10 +0000] "POST /api/user/attendance HTTP/1.1" 200 234 "-" "PostmanRuntime/7.29.2"
::1 - - [20/Apr/2023:04:01:26 +0000] "POST /api/auth/login HTTP/1.1" 200 683 "-" "PostmanRuntime/7.29.2"
::1 - - [20/Apr/2023:04:01:36 +0000] "POST /api/user/attendance HTTP/1.1" 200 234 "-" "PostmanRuntime/7.29.2"
::ffff:127.0.0.1 - - [20/Apr/2023:04:05:47 +0000] "GET /api/admin/users-salary?month=2023-04 HTTP/1.1" 304 - "http://localhost:3000/" "Mozilla/5.0 (X11; Linux x86_64) AppleWebKit/537.36 (KHTML, like Gecko) Chrome/100.0.4896.88 Safari/537.36"
::ffff:127.0.0.1 - - [20/Apr/2023:04:05:52 +0000] "GET /api/admin/user-attendance/642d1e4eb3e751f44dafc49f?date=2023-04-20 HTTP/1.1" 200 972 "http://localhost:3000/" "Mozilla/5.0 (X11; Linux x86_64) AppleWebKit/537.36 (KHTML, like Gecko) Chrome/100.0.4896.88 Safari/537.36"
::ffff:127.0.0.1 - - [20/Apr/2023:04:06:22 +0000] "GET /api/admin/users-salary?month=2023-04 HTTP/1.1" 304 - "http://localhost:3000/" "Mozilla/5.0 (X11; Linux x86_64) AppleWebKit/537.36 (KHTML, like Gecko) Chrome/100.0.4896.88 Safari/537.36"
::ffff:127.0.0.1 - - [20/Apr/2023:04:06:24 +0000] "GET /api/admin/users?limit=10&skip=0 HTTP/1.1" 304 - "http://localhost:3000/" "Mozilla/5.0 (X11; Linux x86_64) AppleWebKit/537.36 (KHTML, like Gecko) Chrome/100.0.4896.88 Safari/537.36"
::ffff:127.0.0.1 - - [20/Apr/2023:06:15:26 +0000] "GET /api/admin/users-salary?month=2023-04 HTTP/1.1" 304 - "http://localhost:3000/" "Mozilla/5.0 (X11; Linux x86_64) AppleWebKit/537.36 (KHTML, like Gecko) Chrome/100.0.4896.88 Safari/537.36"
::ffff:127.0.0.1 - - [20/Apr/2023:06:15:40 +0000] "GET /api/admin/user-attendance/642bec7ffbc8855ce675d066?date=2023-04-14 HTTP/1.1" 304 - "http://localhost:3000/" "Mozilla/5.0 (X11; Linux x86_64) AppleWebKit/537.36 (KHTML, like Gecko) Chrome/100.0.4896.88 Safari/537.36"
::ffff:127.0.0.1 - - [20/Apr/2023:06:15:47 +0000] "GET /api/admin/user-attendance/642bec7ffbc8855ce675d066?date=2023-04-20 HTTP/1.1" 200 972 "http://localhost:3000/" "Mozilla/5.0 (X11; Linux x86_64) AppleWebKit/537.36 (KHTML, like Gecko) Chrome/100.0.4896.88 Safari/537.36"
::ffff:127.0.0.1 - - [20/Apr/2023:06:16:18 +0000] "GET /api/admin/users-salary?month=2023-04 HTTP/1.1" 304 - "http://localhost:3000/" "Mozilla/5.0 (X11; Linux x86_64) AppleWebKit/537.36 (KHTML, like Gecko) Chrome/100.0.4896.88 Safari/537.36"
::ffff:127.0.0.1 - - [20/Apr/2023:06:16:22 +0000] "GET /api/admin/user-attendance/642bec7ffbc8855ce675d066?date=2023-04-14 HTTP/1.1" 304 - "http://localhost:3000/" "Mozilla/5.0 (X11; Linux x86_64) AppleWebKit/537.36 (KHTML, like Gecko) Chrome/100.0.4896.88 Safari/537.36"
::ffff:127.0.0.1 - - [20/Apr/2023:06:16:45 +0000] "GET /api/admin/users-salary?month=2023-04 HTTP/1.1" 304 - "http://localhost:3000/" "Mozilla/5.0 (X11; Linux x86_64) AppleWebKit/537.36 (KHTML, like Gecko) Chrome/100.0.4896.88 Safari/537.36"
::ffff:127.0.0.1 - - [20/Apr/2023:06:16:51 +0000] "GET /api/admin/users-salary?month=2023-04 HTTP/1.1" 304 - "http://localhost:3000/" "Mozilla/5.0 (X11; Linux x86_64) AppleWebKit/537.36 (KHTML, like Gecko) Chrome/100.0.4896.88 Safari/537.36"
::ffff:127.0.0.1 - - [20/Apr/2023:06:16:54 +0000] "GET /api/admin/user-attendance/642bec7ffbc8855ce675d066?date=2023-04-14 HTTP/1.1" 304 - "http://localhost:3000/" "Mozilla/5.0 (X11; Linux x86_64) AppleWebKit/537.36 (KHTML, like Gecko) Chrome/100.0.4896.88 Safari/537.36"
::ffff:127.0.0.1 - - [20/Apr/2023:06:17:07 +0000] "GET /api/admin/user-attendance/642d1e4eb3e751f44dafc49f?date=2023-04-14 HTTP/1.1" 304 - "http://localhost:3000/" "Mozilla/5.0 (X11; Linux x86_64) AppleWebKit/537.36 (KHTML, like Gecko) Chrome/100.0.4896.88 Safari/537.36"
::ffff:127.0.0.1 - - [20/Apr/2023:06:17:11 +0000] "GET /api/admin/user-attendance/642bec7ffbc8855ce675d066?date=2023-04-14 HTTP/1.1" 304 - "http://localhost:3000/" "Mozilla/5.0 (X11; Linux x86_64) AppleWebKit/537.36 (KHTML, like Gecko) Chrome/100.0.4896.88 Safari/537.36"
::1 - - [20/Apr/2023:06:17:14 +0000] "POST /api/user/attendance HTTP/1.1" 200 234 "-" "PostmanRuntime/7.29.2"
::1 - - [20/Apr/2023:06:17:21 +0000] "POST /api/user/attendance HTTP/1.1" 200 234 "-" "PostmanRuntime/7.29.2"
::1 - - [20/Apr/2023:06:17:28 +0000] "POST /api/auth/login HTTP/1.1" 200 699 "-" "PostmanRuntime/7.29.2"
::1 - - [20/Apr/2023:06:17:43 +0000] "POST /api/user/attendance HTTP/1.1" 200 234 "-" "PostmanRuntime/7.29.2"
::1 - - [20/Apr/2023:06:17:49 +0000] "POST /api/user/attendance HTTP/1.1" 200 234 "-" "PostmanRuntime/7.29.2"
::ffff:127.0.0.1 - - [20/Apr/2023:06:17:53 +0000] "GET /api/admin/users-salary?month=2023-04 HTTP/1.1" 200 2495 "http://localhost:3000/" "Mozilla/5.0 (X11; Linux x86_64) AppleWebKit/537.36 (KHTML, like Gecko) Chrome/100.0.4896.88 Safari/537.36"
::ffff:127.0.0.1 - - [20/Apr/2023:06:17:58 +0000] "GET /api/admin/user-attendance/642bec7ffbc8855ce675d066?date=2023-04-20 HTTP/1.1" 200 1340 "http://localhost:3000/" "Mozilla/5.0 (X11; Linux x86_64) AppleWebKit/537.36 (KHTML, like Gecko) Chrome/100.0.4896.88 Safari/537.36"
::ffff:127.0.0.1 - - [20/Apr/2023:07:03:41 +0000] "GET /api/admin/users?limit=10&skip=0 HTTP/1.1" 304 - "http://localhost:3000/" "Mozilla/5.0 (X11; Linux x86_64) AppleWebKit/537.36 (KHTML, like Gecko) Chrome/100.0.4896.88 Safari/537.36"
::ffff:127.0.0.1 - - [20/Apr/2023:07:03:41 +0000] "GET /api/admin/users-salary?month=2023-04 HTTP/1.1" 304 - "http://localhost:3000/" "Mozilla/5.0 (X11; Linux x86_64) AppleWebKit/537.36 (KHTML, like Gecko) Chrome/100.0.4896.88 Safari/537.36"
::ffff:127.0.0.1 - - [20/Apr/2023:07:03:41 +0000] "GET /api/admin/users-salary?month=2023-04 HTTP/1.1" 200 2495 "http://localhost:3000/" "Mozilla/5.0 (X11; Linux x86_64) AppleWebKit/537.36 (KHTML, like Gecko) Chrome/100.0.4896.88 Safari/537.36"
::ffff:127.0.0.1 - - [20/Apr/2023:07:03:41 +0000] "GET /api/admin/users-salary?month=2023-04 HTTP/1.1" 200 2495 "http://localhost:3000/" "Mozilla/5.0 (X11; Linux x86_64) AppleWebKit/537.36 (KHTML, like Gecko) Chrome/100.0.4896.88 Safari/537.36"
::ffff:127.0.0.1 - - [21/Apr/2023:03:10:11 +0000] "GET /api/admin/users-salary?month=2023-04 HTTP/1.1" 304 - "http://localhost:3000/" "Mozilla/5.0 (X11; Linux x86_64) AppleWebKit/537.36 (KHTML, like Gecko) Chrome/100.0.4896.88 Safari/537.36"
::ffff:127.0.0.1 - - [21/Apr/2023:03:15:48 +0000] "GET /api/admin/user-attendance/642bec7ffbc8855ce675d066?date=2023-04-14 HTTP/1.1" 304 - "http://localhost:3000/" "Mozilla/5.0 (X11; Linux x86_64) AppleWebKit/537.36 (KHTML, like Gecko) Chrome/100.0.4896.88 Safari/537.36"
::ffff:127.0.0.1 - - [21/Apr/2023:03:15:50 +0000] "GET /api/admin/user-attendance/642bec7ffbc8855ce675d066?date=2023-04-20 HTTP/1.1" 304 - "http://localhost:3000/" "Mozilla/5.0 (X11; Linux x86_64) AppleWebKit/537.36 (KHTML, like Gecko) Chrome/100.0.4896.88 Safari/537.36"
::1 - - [21/Apr/2023:03:16:08 +0000] "POST /api/user/attendance HTTP/1.1" 200 234 "-" "PostmanRuntime/7.29.2"
::1 - - [21/Apr/2023:03:16:15 +0000] "POST /api/auth/login HTTP/1.1" 200 683 "-" "PostmanRuntime/7.29.2"
::1 - - [21/Apr/2023:03:16:22 +0000] "POST /api/user/attendance HTTP/1.1" 200 234 "-" "PostmanRuntime/7.29.2"
::ffff:127.0.0.1 - - [21/Apr/2023:03:16:29 +0000] "GET /api/admin/users-salary?month=2023-04 HTTP/1.1" 200 2871 "http://localhost:3000/" "Mozilla/5.0 (X11; Linux x86_64) AppleWebKit/537.36 (KHTML, like Gecko) Chrome/100.0.4896.88 Safari/537.36"
::ffff:127.0.0.1 - - [21/Apr/2023:03:16:33 +0000] "GET /api/admin/user-attendance/642d1e4eb3e751f44dafc49f?date=2023-04-21 HTTP/1.1" 200 236 "http://localhost:3000/" "Mozilla/5.0 (X11; Linux x86_64) AppleWebKit/537.36 (KHTML, like Gecko) Chrome/100.0.4896.88 Safari/537.36"
::ffff:127.0.0.1 - - [21/Apr/2023:03:16:41 +0000] "GET /api/admin/user-attendance/642d1e4eb3e751f44dafc49f?date=2023-04-20 HTTP/1.1" 200 1340 "http://localhost:3000/" "Mozilla/5.0 (X11; Linux x86_64) AppleWebKit/537.36 (KHTML, like Gecko) Chrome/100.0.4896.88 Safari/537.36"
::ffff:127.0.0.1 - - [21/Apr/2023:03:16:45 +0000] "GET /api/admin/user-attendance/642d1e4eb3e751f44dafc49f?date=2023-04-21 HTTP/1.1" 304 - "http://localhost:3000/" "Mozilla/5.0 (X11; Linux x86_64) AppleWebKit/537.36 (KHTML, like Gecko) Chrome/100.0.4896.88 Safari/537.36"
::ffff:127.0.0.1 - - [21/Apr/2023:03:24:38 +0000] "GET /api/admin/users-salary?month=2023-04 HTTP/1.1" 304 - "http://localhost:3000/" "Mozilla/5.0 (X11; Linux x86_64) AppleWebKit/537.36 (KHTML, like Gecko) Chrome/100.0.4896.88 Safari/537.36"
::ffff:127.0.0.1 - - [21/Apr/2023:03:25:00 +0000] "GET /api/admin/users-salary?month=2023-04 HTTP/1.1" 304 - "http://localhost:3000/" "Mozilla/5.0 (X11; Linux x86_64) AppleWebKit/537.36 (KHTML, like Gecko) Chrome/100.0.4896.88 Safari/537.36"
::ffff:127.0.0.1 - - [21/Apr/2023:03:25:07 +0000] "GET /api/admin/users-salary?month=2023-04 HTTP/1.1" 304 - "http://localhost:3000/" "Mozilla/5.0 (X11; Linux x86_64) AppleWebKit/537.36 (KHTML, like Gecko) Chrome/100.0.4896.88 Safari/537.36"
::ffff:127.0.0.1 - - [21/Apr/2023:03:25:15 +0000] "GET /api/admin/users-salary?month=2023-04 HTTP/1.1" 304 - "http://localhost:3000/" "Mozilla/5.0 (X11; Linux x86_64) AppleWebKit/537.36 (KHTML, like Gecko) Chrome/100.0.4896.88 Safari/537.36"
::ffff:127.0.0.1 - - [21/Apr/2023:03:25:57 +0000] "GET /api/admin/users-salary?month=2023-04 HTTP/1.1" 304 - "http://localhost:3000/" "Mozilla/5.0 (X11; Linux x86_64) AppleWebKit/537.36 (KHTML, like Gecko) Chrome/100.0.4896.88 Safari/537.36"
::ffff:127.0.0.1 - - [21/Apr/2023:03:27:18 +0000] "GET /api/admin/users-salary?month=2023-04 HTTP/1.1" 304 - "http://localhost:3000/" "Mozilla/5.0 (X11; Linux x86_64) AppleWebKit/537.36 (KHTML, like Gecko) Chrome/100.0.4896.88 Safari/537.36"
::ffff:127.0.0.1 - - [21/Apr/2023:03:28:05 +0000] "GET /api/admin/users-salary?month=2023-04 HTTP/1.1" 304 - "http://localhost:3000/" "Mozilla/5.0 (X11; Linux x86_64) AppleWebKit/537.36 (KHTML, like Gecko) Chrome/100.0.4896.88 Safari/537.36"
::ffff:127.0.0.1 - - [21/Apr/2023:03:28:19 +0000] "GET /api/admin/users-salary?month=2023-04 HTTP/1.1" 304 - "http://localhost:3000/" "Mozilla/5.0 (X11; Linux x86_64) AppleWebKit/537.36 (KHTML, like Gecko) Chrome/100.0.4896.88 Safari/537.36"
::ffff:127.0.0.1 - - [21/Apr/2023:03:29:39 +0000] "GET /api/admin/users-salary?month=2023-04 HTTP/1.1" 304 - "http://localhost:3000/" "Mozilla/5.0 (X11; Linux x86_64) AppleWebKit/537.36 (KHTML, like Gecko) Chrome/100.0.4896.88 Safari/537.36"
::ffff:127.0.0.1 - - [21/Apr/2023:03:32:23 +0000] "GET /api/admin/users-salary?month=2023-04 HTTP/1.1" 304 - "http://localhost:3000/" "Mozilla/5.0 (X11; Linux x86_64) AppleWebKit/537.36 (KHTML, like Gecko) Chrome/100.0.4896.88 Safari/537.36"
::1 - - [21/Apr/2023:03:52:28 +0000] "POST /api/user/request HTTP/1.1" 200 195 "-" "PostmanRuntime/7.29.2"
::1 - - [21/Apr/2023:03:54:22 +0000] "POST /api/user/request HTTP/1.1" 200 195 "-" "PostmanRuntime/7.29.2"
::1 - - [21/Apr/2023:03:59:28 +0000] "POST /api/admin/create-type-request HTTP/1.1" 200 61 "-" "PostmanRuntime/7.29.2"
::ffff:127.0.0.1 - - [21/Apr/2023:05:12:35 +0000] "GET /api/admin/users-salary?month=2023-04 HTTP/1.1" 304 - "http://localhost:3000/" "Mozilla/5.0 (X11; Linux x86_64) AppleWebKit/537.36 (KHTML, like Gecko) Chrome/100.0.4896.88 Safari/537.36"
::ffff:127.0.0.1 - - [21/Apr/2023:05:12:38 +0000] "GET /api/admin/users-salary?month=2023-04 HTTP/1.1" 304 - "http://localhost:3000/" "Mozilla/5.0 (X11; Linux x86_64) AppleWebKit/537.36 (KHTML, like Gecko) Chrome/100.0.4896.88 Safari/537.36"
::ffff:127.0.0.1 - - [21/Apr/2023:05:12:42 +0000] "GET /api/admin/user-attendance/642bec7ffbc8855ce675d066?date=2023-04-21 HTTP/1.1" 200 236 "http://localhost:3000/" "Mozilla/5.0 (X11; Linux x86_64) AppleWebKit/537.36 (KHTML, like Gecko) Chrome/100.0.4896.88 Safari/537.36"
::1 - - [21/Apr/2023:05:12:49 +0000] "POST /api/user/attendance HTTP/1.1" 200 234 "-" "PostmanRuntime/7.29.2"
::1 - - [21/Apr/2023:05:12:54 +0000] "POST /api/auth/login HTTP/1.1" 200 726 "-" "PostmanRuntime/7.29.2"
::1 - - [21/Apr/2023:05:13:02 +0000] "POST /api/user/attendance HTTP/1.1" 200 234 "-" "PostmanRuntime/7.29.2"
::ffff:127.0.0.1 - - [21/Apr/2023:05:13:06 +0000] "GET /api/admin/user-attendance/642bec7ffbc8855ce675d066?date=2023-04-21 HTTP/1.1" 200 420 "http://localhost:3000/" "Mozilla/5.0 (X11; Linux x86_64) AppleWebKit/537.36 (KHTML, like Gecko) Chrome/100.0.4896.88 Safari/537.36"
::ffff:127.0.0.1 - - [21/Apr/2023:05:13:10 +0000] "GET /api/admin/users-salary?month=2023-04 HTTP/1.1" 200 2877 "http://localhost:3000/" "Mozilla/5.0 (X11; Linux x86_64) AppleWebKit/537.36 (KHTML, like Gecko) Chrome/100.0.4896.88 Safari/537.36"
::ffff:127.0.0.1 - - [21/Apr/2023:05:13:15 +0000] "GET /api/admin/user-attendance/642bec7ffbc8855ce675d066?date=2023-04-21 HTTP/1.1" 304 - "http://localhost:3000/" "Mozilla/5.0 (X11; Linux x86_64) AppleWebKit/537.36 (KHTML, like Gecko) Chrome/100.0.4896.88 Safari/537.36"
::1 - - [21/Apr/2023:06:38:28 +0000] "POST /api/admin/create-type-request HTTP/1.1" 200 208 "-" "PostmanRuntime/7.29.2"
::1 - - [21/Apr/2023:06:38:43 +0000] "POST /api/admin/create-type-request HTTP/1.1" 200 205 "-" "PostmanRuntime/7.29.2"
::1 - - [21/Apr/2023:06:50:27 +0000] "POST /api/user/request HTTP/1.1" 200 195 "-" "PostmanRuntime/7.29.2"
::1 - - [21/Apr/2023:07:09:54 +0000] "GET /api/admin/users-request HTTP/1.1" 500 317 "-" "PostmanRuntime/7.29.2"
::1 - - [21/Apr/2023:07:10:16 +0000] "GET /api/admin/users-request HTTP/1.1" 500 317 "-" "PostmanRuntime/7.29.2"
::1 - - [21/Apr/2023:07:11:01 +0000] "GET /api/admin/users-request HTTP/1.1" 500 317 "-" "PostmanRuntime/7.29.2"
::1 - - [21/Apr/2023:07:11:23 +0000] "GET /api/admin/users-request HTTP/1.1" 500 317 "-" "PostmanRuntime/7.29.2"
::1 - - [21/Apr/2023:07:11:38 +0000] "GET /api/admin/users-request HTTP/1.1" 200 259 "-" "PostmanRuntime/7.29.2"
::1 - - [21/Apr/2023:07:11:47 +0000] "GET /api/admin/users-request HTTP/1.1" 200 259 "-" "PostmanRuntime/7.29.2"
::1 - - [21/Apr/2023:07:12:09 +0000] "POST /api/user/request HTTP/1.1" 200 322 "-" "PostmanRuntime/7.29.2"
::1 - - [21/Apr/2023:07:12:16 +0000] "GET /api/admin/users-request HTTP/1.1" 200 28244 "-" "PostmanRuntime/7.29.2"
::1 - - [21/Apr/2023:07:12:28 +0000] "GET /api/admin/users-request HTTP/1.1" 200 534 "-" "PostmanRuntime/7.29.2"
::1 - - [21/Apr/2023:07:13:42 +0000] "GET /api/admin/users-request HTTP/1.1" 200 590 "-" "PostmanRuntime/7.29.2"
::ffff:127.0.0.1 - - [21/Apr/2023:07:15:58 +0000] "GET /api/admin/users-salary?month=2023-04 HTTP/1.1" 304 - "http://localhost:3000/" "Mozilla/5.0 (X11; Linux x86_64) AppleWebKit/537.36 (KHTML, like Gecko) Chrome/100.0.4896.88 Safari/537.36"
::ffff:127.0.0.1 - - [21/Apr/2023:07:29:05 +0000] "GET /api/admin/users-request HTTP/1.1" 200 355 "http://localhost:3000/" "Mozilla/5.0 (X11; Linux x86_64) AppleWebKit/537.36 (KHTML, like Gecko) Chrome/100.0.4896.88 Safari/537.36"
::1 - - [21/Apr/2023:07:29:23 +0000] "GET /api/admin/users-request HTTP/1.1" 200 355 "-" "PostmanRuntime/7.29.2"
::ffff:127.0.0.1 - - [21/Apr/2023:07:39:48 +0000] "GET /api/admin/users-request HTTP/1.1" 304 - "http://localhost:3000/" "Mozilla/5.0 (X11; Linux x86_64) AppleWebKit/537.36 (KHTML, like Gecko) Chrome/100.0.4896.88 Safari/537.36"
::ffff:127.0.0.1 - - [21/Apr/2023:07:40:05 +0000] "GET /api/admin/users-request HTTP/1.1" - - "http://localhost:3000/" "Mozilla/5.0 (X11; Linux x86_64) AppleWebKit/537.36 (KHTML, like Gecko) Chrome/100.0.4896.88 Safari/537.36"
::ffff:127.0.0.1 - - [21/Apr/2023:07:40:07 +0000] "GET /api/admin/users-request HTTP/1.1" 200 355 "http://localhost:3000/" "Mozilla/5.0 (X11; Linux x86_64) AppleWebKit/537.36 (KHTML, like Gecko) Chrome/100.0.4896.88 Safari/537.36"
::ffff:127.0.0.1 - - [21/Apr/2023:07:40:18 +0000] "GET /api/admin/users-request HTTP/1.1" 304 - "http://localhost:3000/" "Mozilla/5.0 (X11; Linux x86_64) AppleWebKit/537.36 (KHTML, like Gecko) Chrome/100.0.4896.88 Safari/537.36"
::ffff:127.0.0.1 - - [21/Apr/2023:07:40:31 +0000] "GET /api/admin/users-request HTTP/1.1" 304 - "http://localhost:3000/" "Mozilla/5.0 (X11; Linux x86_64) AppleWebKit/537.36 (KHTML, like Gecko) Chrome/100.0.4896.88 Safari/537.36"
::ffff:127.0.0.1 - - [21/Apr/2023:07:40:44 +0000] "GET /api/admin/users-request HTTP/1.1" 304 - "http://localhost:3000/" "Mozilla/5.0 (X11; Linux x86_64) AppleWebKit/537.36 (KHTML, like Gecko) Chrome/100.0.4896.88 Safari/537.36"
::ffff:127.0.0.1 - - [21/Apr/2023:07:40:58 +0000] "GET /api/admin/users-request HTTP/1.1" 304 - "http://localhost:3000/" "Mozilla/5.0 (X11; Linux x86_64) AppleWebKit/537.36 (KHTML, like Gecko) Chrome/100.0.4896.88 Safari/537.36"
::ffff:127.0.0.1 - - [21/Apr/2023:07:41:08 +0000] "GET /api/admin/users-request HTTP/1.1" 304 - "http://localhost:3000/" "Mozilla/5.0 (X11; Linux x86_64) AppleWebKit/537.36 (KHTML, like Gecko) Chrome/100.0.4896.88 Safari/537.36"
::ffff:127.0.0.1 - - [21/Apr/2023:07:44:22 +0000] "GET /api/admin/users-request HTTP/1.1" 304 - "http://localhost:3000/" "Mozilla/5.0 (X11; Linux x86_64) AppleWebKit/537.36 (KHTML, like Gecko) Chrome/100.0.4896.88 Safari/537.36"
::ffff:127.0.0.1 - - [21/Apr/2023:07:44:46 +0000] "GET /api/admin/users-request HTTP/1.1" 304 - "http://localhost:3000/" "Mozilla/5.0 (X11; Linux x86_64) AppleWebKit/537.36 (KHTML, like Gecko) Chrome/100.0.4896.88 Safari/537.36"
::ffff:127.0.0.1 - - [21/Apr/2023:07:45:00 +0000] "GET /api/admin/users-request HTTP/1.1" 304 - "http://localhost:3000/" "Mozilla/5.0 (X11; Linux x86_64) AppleWebKit/537.36 (KHTML, like Gecko) Chrome/100.0.4896.88 Safari/537.36"
::ffff:127.0.0.1 - - [21/Apr/2023:07:45:06 +0000] "GET /api/admin/users-request HTTP/1.1" 304 - "http://localhost:3000/" "Mozilla/5.0 (X11; Linux x86_64) AppleWebKit/537.36 (KHTML, like Gecko) Chrome/100.0.4896.88 Safari/537.36"
::ffff:127.0.0.1 - - [21/Apr/2023:07:45:38 +0000] "GET /api/admin/users-request HTTP/1.1" 304 - "http://localhost:3000/" "Mozilla/5.0 (X11; Linux x86_64) AppleWebKit/537.36 (KHTML, like Gecko) Chrome/100.0.4896.88 Safari/537.36"
::ffff:127.0.0.1 - - [21/Apr/2023:07:47:05 +0000] "GET /api/admin/users-request HTTP/1.1" 304 - "http://localhost:3000/" "Mozilla/5.0 (X11; Linux x86_64) AppleWebKit/537.36 (KHTML, like Gecko) Chrome/100.0.4896.88 Safari/537.36"
::ffff:127.0.0.1 - - [21/Apr/2023:07:47:29 +0000] "GET /api/admin/users-request HTTP/1.1" 304 - "http://localhost:3000/" "Mozilla/5.0 (X11; Linux x86_64) AppleWebKit/537.36 (KHTML, like Gecko) Chrome/100.0.4896.88 Safari/537.36"
::ffff:127.0.0.1 - - [21/Apr/2023:07:47:51 +0000] "GET /api/admin/users-request HTTP/1.1" 304 - "http://localhost:3000/" "Mozilla/5.0 (X11; Linux x86_64) AppleWebKit/537.36 (KHTML, like Gecko) Chrome/100.0.4896.88 Safari/537.36"
::ffff:127.0.0.1 - - [21/Apr/2023:07:48:25 +0000] "GET /api/admin/users-request HTTP/1.1" 304 - "http://localhost:3000/" "Mozilla/5.0 (X11; Linux x86_64) AppleWebKit/537.36 (KHTML, like Gecko) Chrome/100.0.4896.88 Safari/537.36"
::ffff:127.0.0.1 - - [21/Apr/2023:07:50:22 +0000] "GET /api/admin/users-request HTTP/1.1" 304 - "http://localhost:3000/" "Mozilla/5.0 (X11; Linux x86_64) AppleWebKit/537.36 (KHTML, like Gecko) Chrome/100.0.4896.88 Safari/537.36"
::1 - - [21/Apr/2023:07:52:11 +0000] "POST /api/user/request HTTP/1.1" 200 385 "-" "PostmanRuntime/7.29.2"
::ffff:127.0.0.1 - - [21/Apr/2023:07:52:21 +0000] "GET /api/admin/users-request HTTP/1.1" 200 724 "http://localhost:3000/" "Mozilla/5.0 (X11; Linux x86_64) AppleWebKit/537.36 (KHTML, like Gecko) Chrome/100.0.4896.88 Safari/537.36"
::ffff:127.0.0.1 - - [21/Apr/2023:07:53:18 +0000] "GET /api/admin/users-request HTTP/1.1" 200 724 "http://localhost:3000/" "Mozilla/5.0 (X11; Linux x86_64) AppleWebKit/537.36 (KHTML, like Gecko) Chrome/100.0.4896.88 Safari/537.36"
::ffff:127.0.0.1 - - [21/Apr/2023:07:54:53 +0000] "GET /api/admin/users-request HTTP/1.1" 304 - "http://localhost:3000/" "Mozilla/5.0 (X11; Linux x86_64) AppleWebKit/537.36 (KHTML, like Gecko) Chrome/100.0.4896.88 Safari/537.36"
::ffff:127.0.0.1 - - [21/Apr/2023:07:56:15 +0000] "GET /api/admin/users?limit=10&skip=0 HTTP/1.1" 304 - "http://localhost:3000/" "Mozilla/5.0 (X11; Linux x86_64) AppleWebKit/537.36 (KHTML, like Gecko) Chrome/100.0.4896.88 Safari/537.36"
::ffff:127.0.0.1 - - [21/Apr/2023:07:57:38 +0000] "GET /api/admin/users?limit=10&skip=0 HTTP/1.1" - - "http://localhost:3000/" "Mozilla/5.0 (X11; Linux x86_64) AppleWebKit/537.36 (KHTML, like Gecko) Chrome/100.0.4896.88 Safari/537.36"
::ffff:127.0.0.1 - - [21/Apr/2023:07:57:40 +0000] "GET /api/admin/users?limit=10&skip=0 HTTP/1.1" 200 1482 "http://localhost:3000/" "Mozilla/5.0 (X11; Linux x86_64) AppleWebKit/537.36 (KHTML, like Gecko) Chrome/100.0.4896.88 Safari/537.36"
::ffff:127.0.0.1 - - [21/Apr/2023:07:57:46 +0000] "GET /api/admin/users?limit=10&skip=0 HTTP/1.1" 304 - "http://localhost:3000/" "Mozilla/5.0 (X11; Linux x86_64) AppleWebKit/537.36 (KHTML, like Gecko) Chrome/100.0.4896.88 Safari/537.36"
::ffff:127.0.0.1 - - [21/Apr/2023:07:57:48 +0000] "GET /api/admin/users-request HTTP/1.1" 304 - "http://localhost:3000/" "Mozilla/5.0 (X11; Linux x86_64) AppleWebKit/537.36 (KHTML, like Gecko) Chrome/100.0.4896.88 Safari/537.36"
::ffff:127.0.0.1 - - [21/Apr/2023:07:58:23 +0000] "GET /api/admin/users-request HTTP/1.1" 304 - "http://localhost:3000/" "Mozilla/5.0 (X11; Linux x86_64) AppleWebKit/537.36 (KHTML, like Gecko) Chrome/100.0.4896.88 Safari/537.36"
::ffff:127.0.0.1 - - [21/Apr/2023:07:58:30 +0000] "GET /api/admin/users-request HTTP/1.1" 304 - "http://localhost:3000/" "Mozilla/5.0 (X11; Linux x86_64) AppleWebKit/537.36 (KHTML, like Gecko) Chrome/100.0.4896.88 Safari/537.36"
::ffff:127.0.0.1 - - [21/Apr/2023:07:58:41 +0000] "GET /api/admin/users-request HTTP/1.1" 304 - "http://localhost:3000/" "Mozilla/5.0 (X11; Linux x86_64) AppleWebKit/537.36 (KHTML, like Gecko) Chrome/100.0.4896.88 Safari/537.36"
::ffff:127.0.0.1 - - [21/Apr/2023:07:58:49 +0000] "GET /api/admin/users-request HTTP/1.1" 304 - "http://localhost:3000/" "Mozilla/5.0 (X11; Linux x86_64) AppleWebKit/537.36 (KHTML, like Gecko) Chrome/100.0.4896.88 Safari/537.36"
::ffff:127.0.0.1 - - [21/Apr/2023:07:59:02 +0000] "GET /api/admin/users-request HTTP/1.1" 304 - "http://localhost:3000/" "Mozilla/5.0 (X11; Linux x86_64) AppleWebKit/537.36 (KHTML, like Gecko) Chrome/100.0.4896.88 Safari/537.36"
::ffff:127.0.0.1 - - [21/Apr/2023:07:59:04 +0000] "GET /api/admin/users?limit=10&skip=0 HTTP/1.1" 304 - "http://localhost:3000/" "Mozilla/5.0 (X11; Linux x86_64) AppleWebKit/537.36 (KHTML, like Gecko) Chrome/100.0.4896.88 Safari/537.36"
::ffff:127.0.0.1 - - [21/Apr/2023:08:00:03 +0000] "GET /api/admin/users?limit=10&skip=0 HTTP/1.1" 304 - "http://localhost:3000/" "Mozilla/5.0 (X11; Linux x86_64) AppleWebKit/537.36 (KHTML, like Gecko) Chrome/100.0.4896.88 Safari/537.36"
::ffff:127.0.0.1 - - [21/Apr/2023:08:00:10 +0000] "GET /api/admin/users?limit=10&skip=0 HTTP/1.1" 304 - "http://localhost:3000/" "Mozilla/5.0 (X11; Linux x86_64) AppleWebKit/537.36 (KHTML, like Gecko) Chrome/100.0.4896.88 Safari/537.36"
::ffff:127.0.0.1 - - [21/Apr/2023:08:00:15 +0000] "GET /api/admin/users?limit=10&skip=0 HTTP/1.1" 304 - "http://localhost:3000/" "Mozilla/5.0 (X11; Linux x86_64) AppleWebKit/537.36 (KHTML, like Gecko) Chrome/100.0.4896.88 Safari/537.36"
::ffff:127.0.0.1 - - [21/Apr/2023:08:01:07 +0000] "GET /api/admin/users?limit=10&skip=0 HTTP/1.1" 304 - "http://localhost:3000/" "Mozilla/5.0 (X11; Linux x86_64) AppleWebKit/537.36 (KHTML, like Gecko) Chrome/100.0.4896.88 Safari/537.36"
::ffff:127.0.0.1 - - [21/Apr/2023:08:01:12 +0000] "GET /api/admin/users-request HTTP/1.1" 304 - "http://localhost:3000/" "Mozilla/5.0 (X11; Linux x86_64) AppleWebKit/537.36 (KHTML, like Gecko) Chrome/100.0.4896.88 Safari/537.36"
::ffff:127.0.0.1 - - [21/Apr/2023:08:03:09 +0000] "GET /api/admin/users-request HTTP/1.1" 304 - "http://localhost:3000/" "Mozilla/5.0 (X11; Linux x86_64) AppleWebKit/537.36 (KHTML, like Gecko) Chrome/100.0.4896.88 Safari/537.36"
::1 - - [21/Apr/2023:08:10:14 +0000] "GET /api/admin/users-request HTTP/1.1" 200 739 "-" "PostmanRuntime/7.29.2"
::ffff:127.0.0.1 - - [21/Apr/2023:08:11:00 +0000] "GET /api/admin/users-request HTTP/1.1" 200 739 "http://localhost:3000/" "Mozilla/5.0 (X11; Linux x86_64) AppleWebKit/537.36 (KHTML, like Gecko) Chrome/100.0.4896.88 Safari/537.36"
::ffff:127.0.0.1 - - [21/Apr/2023:08:11:13 +0000] "GET /api/admin/users-request HTTP/1.1" 304 - "http://localhost:3000/" "Mozilla/5.0 (X11; Linux x86_64) AppleWebKit/537.36 (KHTML, like Gecko) Chrome/100.0.4896.88 Safari/537.36"
::1 - - [21/Apr/2023:08:15:12 +0000] "POST /api/admin/update-request?requestId=3131 HTTP/1.1" 500 129 "-" "PostmanRuntime/7.29.2"
::1 - - [21/Apr/2023:08:15:39 +0000] "POST /api/admin/update-request?requestId=6442374958a7911a3450c43b HTTP/1.1" 200 42 "-" "PostmanRuntime/7.29.2"
::1 - - [21/Apr/2023:08:22:14 +0000] "POST /api/admin/update-request?requestId=6442374958a7911a3450c43b&status=0 HTTP/1.1" 200 42 "-" "PostmanRuntime/7.29.2"
::1 - - [21/Apr/2023:08:25:25 +0000] "POST /api/admin/update-request?requestId=6442374958a7911a3450c43b&status=0 HTTP/1.1" 200 291 "-" "PostmanRuntime/7.29.2"
::1 - - [21/Apr/2023:08:26:26 +0000] "POST /api/admin/update-request?requestId=6442374958a7911a3450c43b&status=0 HTTP/1.1" 200 291 "-" "PostmanRuntime/7.29.2"
::ffff:127.0.0.1 - - [21/Apr/2023:08:26:46 +0000] "GET /api/admin/users-request HTTP/1.1" 200 739 "http://localhost:3000/" "Mozilla/5.0 (X11; Linux x86_64) AppleWebKit/537.36 (KHTML, like Gecko) Chrome/100.0.4896.88 Safari/537.36"
::ffff:127.0.0.1 - - [21/Apr/2023:08:28:26 +0000] "GET /api/admin/users-request HTTP/1.1" 304 - "http://localhost:3000/" "Mozilla/5.0 (X11; Linux x86_64) AppleWebKit/537.36 (KHTML, like Gecko) Chrome/100.0.4896.88 Safari/537.36"
::ffff:127.0.0.1 - - [21/Apr/2023:08:29:35 +0000] "GET /api/admin/users-request HTTP/1.1" 304 - "http://localhost:3000/" "Mozilla/5.0 (X11; Linux x86_64) AppleWebKit/537.36 (KHTML, like Gecko) Chrome/100.0.4896.88 Safari/537.36"
::ffff:127.0.0.1 - - [21/Apr/2023:08:30:02 +0000] "GET /api/admin/users-request HTTP/1.1" 304 - "http://localhost:3000/" "Mozilla/5.0 (X11; Linux x86_64) AppleWebKit/537.36 (KHTML, like Gecko) Chrome/100.0.4896.88 Safari/537.36"
::ffff:127.0.0.1 - - [21/Apr/2023:08:30:13 +0000] "GET /api/admin/users-request HTTP/1.1" 304 - "http://localhost:3000/" "Mozilla/5.0 (X11; Linux x86_64) AppleWebKit/537.36 (KHTML, like Gecko) Chrome/100.0.4896.88 Safari/537.36"
::ffff:127.0.0.1 - - [21/Apr/2023:08:30:30 +0000] "GET /api/admin/users-request HTTP/1.1" 304 - "http://localhost:3000/" "Mozilla/5.0 (X11; Linux x86_64) AppleWebKit/537.36 (KHTML, like Gecko) Chrome/100.0.4896.88 Safari/537.36"
::ffff:127.0.0.1 - - [21/Apr/2023:08:30:35 +0000] "GET /api/admin/users-request HTTP/1.1" 304 - "http://localhost:3000/" "Mozilla/5.0 (X11; Linux x86_64) AppleWebKit/537.36 (KHTML, like Gecko) Chrome/100.0.4896.88 Safari/537.36"
::ffff:127.0.0.1 - - [21/Apr/2023:08:30:44 +0000] "GET /api/admin/users-request HTTP/1.1" 304 - "http://localhost:3000/" "Mozilla/5.0 (X11; Linux x86_64) AppleWebKit/537.36 (KHTML, like Gecko) Chrome/100.0.4896.88 Safari/537.36"
::ffff:127.0.0.1 - - [21/Apr/2023:08:30:53 +0000] "GET /api/admin/users-request HTTP/1.1" 304 - "http://localhost:3000/" "Mozilla/5.0 (X11; Linux x86_64) AppleWebKit/537.36 (KHTML, like Gecko) Chrome/100.0.4896.88 Safari/537.36"
::ffff:127.0.0.1 - - [21/Apr/2023:08:30:57 +0000] "GET /api/admin/users-request HTTP/1.1" 304 - "http://localhost:3000/" "Mozilla/5.0 (X11; Linux x86_64) AppleWebKit/537.36 (KHTML, like Gecko) Chrome/100.0.4896.88 Safari/537.36"
::ffff:127.0.0.1 - - [21/Apr/2023:08:31:03 +0000] "GET /api/admin/users-request HTTP/1.1" 304 - "http://localhost:3000/" "Mozilla/5.0 (X11; Linux x86_64) AppleWebKit/537.36 (KHTML, like Gecko) Chrome/100.0.4896.88 Safari/537.36"
::ffff:127.0.0.1 - - [21/Apr/2023:08:33:04 +0000] "GET /api/admin/users-request HTTP/1.1" - - "http://localhost:3000/" "Mozilla/5.0 (X11; Linux x86_64) AppleWebKit/537.36 (KHTML, like Gecko) Chrome/100.0.4896.88 Safari/537.36"
::ffff:127.0.0.1 - - [21/Apr/2023:08:33:06 +0000] "GET /api/admin/users-request HTTP/1.1" 200 739 "http://localhost:3000/" "Mozilla/5.0 (X11; Linux x86_64) AppleWebKit/537.36 (KHTML, like Gecko) Chrome/100.0.4896.88 Safari/537.36"
::ffff:127.0.0.1 - - [21/Apr/2023:08:33:40 +0000] "GET /api/admin/users-request HTTP/1.1" 304 - "http://localhost:3000/" "Mozilla/5.0 (X11; Linux x86_64) AppleWebKit/537.36 (KHTML, like Gecko) Chrome/100.0.4896.88 Safari/537.36"
::ffff:127.0.0.1 - - [21/Apr/2023:08:34:10 +0000] "GET /api/admin/users-request HTTP/1.1" 304 - "http://localhost:3000/" "Mozilla/5.0 (X11; Linux x86_64) AppleWebKit/537.36 (KHTML, like Gecko) Chrome/100.0.4896.88 Safari/537.36"
::ffff:127.0.0.1 - - [21/Apr/2023:08:34:12 +0000] "GET /api/admin/users-request HTTP/1.1" 304 - "http://localhost:3000/" "Mozilla/5.0 (X11; Linux x86_64) AppleWebKit/537.36 (KHTML, like Gecko) Chrome/100.0.4896.88 Safari/537.36"
::ffff:127.0.0.1 - - [21/Apr/2023:08:34:52 +0000] "GET /api/admin/users-request HTTP/1.1" 304 - "http://localhost:3000/" "Mozilla/5.0 (X11; Linux x86_64) AppleWebKit/537.36 (KHTML, like Gecko) Chrome/100.0.4896.88 Safari/537.36"
::ffff:127.0.0.1 - - [21/Apr/2023:08:36:00 +0000] "GET /api/admin/users-request HTTP/1.1" 304 - "http://localhost:3000/" "Mozilla/5.0 (X11; Linux x86_64) AppleWebKit/537.36 (KHTML, like Gecko) Chrome/100.0.4896.88 Safari/537.36"
::ffff:127.0.0.1 - - [21/Apr/2023:08:37:27 +0000] "GET /api/admin/users-request HTTP/1.1" 304 - "http://localhost:3000/" "Mozilla/5.0 (X11; Linux x86_64) AppleWebKit/537.36 (KHTML, like Gecko) Chrome/100.0.4896.88 Safari/537.36"
::ffff:127.0.0.1 - - [21/Apr/2023:08:37:30 +0000] "GET /api/admin/users-request HTTP/1.1" 304 - "http://localhost:3000/" "Mozilla/5.0 (X11; Linux x86_64) AppleWebKit/537.36 (KHTML, like Gecko) Chrome/100.0.4896.88 Safari/537.36"
::ffff:127.0.0.1 - - [21/Apr/2023:08:37:49 +0000] "GET /api/admin/users-request HTTP/1.1" - - "http://localhost:3000/" "Mozilla/5.0 (X11; Linux x86_64) AppleWebKit/537.36 (KHTML, like Gecko) Chrome/100.0.4896.88 Safari/537.36"
::ffff:127.0.0.1 - - [21/Apr/2023:08:37:51 +0000] "GET /api/admin/users-request HTTP/1.1" 200 739 "http://localhost:3000/" "Mozilla/5.0 (X11; Linux x86_64) AppleWebKit/537.36 (KHTML, like Gecko) Chrome/100.0.4896.88 Safari/537.36"
::ffff:127.0.0.1 - - [21/Apr/2023:08:39:12 +0000] "GET /api/admin/users-request HTTP/1.1" 304 - "http://localhost:3000/" "Mozilla/5.0 (X11; Linux x86_64) AppleWebKit/537.36 (KHTML, like Gecko) Chrome/100.0.4896.88 Safari/537.36"
::ffff:127.0.0.1 - - [21/Apr/2023:08:39:15 +0000] "GET /api/admin/users-request HTTP/1.1" 304 - "http://localhost:3000/" "Mozilla/5.0 (X11; Linux x86_64) AppleWebKit/537.36 (KHTML, like Gecko) Chrome/100.0.4896.88 Safari/537.36"
::ffff:127.0.0.1 - - [21/Apr/2023:08:39:44 +0000] "GET /api/admin/users-request HTTP/1.1" 304 - "http://localhost:3000/" "Mozilla/5.0 (X11; Linux x86_64) AppleWebKit/537.36 (KHTML, like Gecko) Chrome/100.0.4896.88 Safari/537.36"
::ffff:127.0.0.1 - - [21/Apr/2023:08:40:36 +0000] "GET /api/admin/users-request HTTP/1.1" 304 - "http://localhost:3000/" "Mozilla/5.0 (X11; Linux x86_64) AppleWebKit/537.36 (KHTML, like Gecko) Chrome/100.0.4896.88 Safari/537.36"
::ffff:127.0.0.1 - - [21/Apr/2023:08:41:08 +0000] "GET /api/admin/users-request HTTP/1.1" 304 - "http://localhost:3000/" "Mozilla/5.0 (X11; Linux x86_64) AppleWebKit/537.36 (KHTML, like Gecko) Chrome/100.0.4896.88 Safari/537.36"
::ffff:127.0.0.1 - - [21/Apr/2023:08:41:39 +0000] "GET /api/admin/users-request HTTP/1.1" 304 - "http://localhost:3000/" "Mozilla/5.0 (X11; Linux x86_64) AppleWebKit/537.36 (KHTML, like Gecko) Chrome/100.0.4896.88 Safari/537.36"
::ffff:127.0.0.1 - - [21/Apr/2023:08:43:26 +0000] "GET /api/admin/users-request HTTP/1.1" 304 - "http://localhost:3000/" "Mozilla/5.0 (X11; Linux x86_64) AppleWebKit/537.36 (KHTML, like Gecko) Chrome/100.0.4896.88 Safari/537.36"
::ffff:127.0.0.1 - - [21/Apr/2023:08:43:30 +0000] "GET /api/admin/update-request?requestId=644240ab5fe2fe9623ba6769&status=2 HTTP/1.1" 404 44 "http://localhost:3000/" "Mozilla/5.0 (X11; Linux x86_64) AppleWebKit/537.36 (KHTML, like Gecko) Chrome/100.0.4896.88 Safari/537.36"
::ffff:127.0.0.1 - - [21/Apr/2023:08:43:52 +0000] "GET /api/admin/users-request HTTP/1.1" 304 - "http://localhost:3000/" "Mozilla/5.0 (X11; Linux x86_64) AppleWebKit/537.36 (KHTML, like Gecko) Chrome/100.0.4896.88 Safari/537.36"
::ffff:127.0.0.1 - - [21/Apr/2023:08:44:10 +0000] "POST /api/admin/update-request HTTP/1.1" 200 59 "http://localhost:3000/" "Mozilla/5.0 (X11; Linux x86_64) AppleWebKit/537.36 (KHTML, like Gecko) Chrome/100.0.4896.88 Safari/537.36"
::ffff:127.0.0.1 - - [21/Apr/2023:08:44:10 +0000] "GET /api/admin/users-request HTTP/1.1" 304 - "http://localhost:3000/" "Mozilla/5.0 (X11; Linux x86_64) AppleWebKit/537.36 (KHTML, like Gecko) Chrome/100.0.4896.88 Safari/537.36"
::ffff:127.0.0.1 - - [21/Apr/2023:08:44:18 +0000] "GET /api/admin/users-request HTTP/1.1" 304 - "http://localhost:3000/" "Mozilla/5.0 (X11; Linux x86_64) AppleWebKit/537.36 (KHTML, like Gecko) Chrome/100.0.4896.88 Safari/537.36"
::ffff:127.0.0.1 - - [21/Apr/2023:08:45:00 +0000] "POST /api/admin/update-request HTTP/1.1" 200 59 "http://localhost:3000/" "Mozilla/5.0 (X11; Linux x86_64) AppleWebKit/537.36 (KHTML, like Gecko) Chrome/100.0.4896.88 Safari/537.36"
